2026-02-27 15:13:54,764 | ERROR | 
================= HTTP ERROR =================
URL: http://localhost:8000/user/login
Method: POST
Client: 127.0.0.1
Status Code: 400
Detail: Invalid password
==============================================
        
2026-02-27 15:14:08,813 | ERROR | 
================= HTTP ERROR =================
URL: http://localhost:8000/user/login
Method: POST
Client: 127.0.0.1
Status Code: 404
Detail: Email not found
==============================================
        
2026-02-27 15:18:09,081 | ERROR | 
================= UNHANDLED ERROR =================
URL: http://localhost:8000/user/profile
Method: GET
Client: 127.0.0.1
Error: (psycopg2.errors.UndefinedColumn) column t_user.bio does not exist
LINE 1: ..., t_user.wrong_password AS t_user_wrong_password, t_user.bio...
                                                             ^

[SQL: SELECT t_user.pk_id AS t_user_pk_id, t_user.user_name AS t_user_user_name, t_user.email AS t_user_email, t_user.password AS t_user_password, t_user.user_type AS t_user_user_type, t_user.gender AS t_user_gender, t_user.phone AS t_user_phone, t_user.date_of_birth AS t_user_date_of_birth, t_user.address AS t_user_address, t_user.wrong_password AS t_user_wrong_password, t_user.bio AS t_user_bio, t_user.profile_image AS t_user_profile_image, t_user.created_date AS t_user_created_date, t_user.is_active AS t_user_is_active, t_user.approved AS t_user_approved, t_user.updated_date AS t_user_updated_date 
FROM t_user 
WHERE t_user.pk_id = %(pk_id_1)s 
 LIMIT %(param_1)s]
[parameters: {'pk_id_1': 1, 'param_1': 1}]
(Background on this error at: https://sqlalche.me/e/20/f405)
Traceback:
Traceback (most recent call last):
  File "D:\candidate-ai\candidate-api\venv\Lib\site-packages\sqlalchemy\engine\base.py", line 1967, in _exec_single_context
    self.dialect.do_execute(
    ~~~~~~~~~~~~~~~~~~~~~~~^
        cursor, str_statement, effective_parameters, context
        ^^^^^^^^^^^^^^^^^^^^^^^^^^^^^^^^^^^^^^^^^^^^^^^^^^^^
    )
    ^
  File "D:\candidate-ai\candidate-api\venv\Lib\site-packages\sqlalchemy\engine\default.py", line 951, in do_execute
    cursor.execute(statement, parameters)
    ~~~~~~~~~~~~~~^^^^^^^^^^^^^^^^^^^^^^^
psycopg2.errors.UndefinedColumn: column t_user.bio does not exist
LINE 1: ..., t_user.wrong_password AS t_user_wrong_password, t_user.bio...
                                                             ^


The above exception was the direct cause of the following exception:

Traceback (most recent call last):
  File "D:\candidate-ai\candidate-api\venv\Lib\site-packages\starlette\middleware\errors.py", line 164, in __call__
    await self.app(scope, receive, _send)
  File "D:\candidate-ai\candidate-api\venv\Lib\site-packages\starlette\middleware\cors.py", line 93, in __call__
    await self.simple_response(scope, receive, send, request_headers=headers)
  File "D:\candidate-ai\candidate-api\venv\Lib\site-packages\starlette\middleware\cors.py", line 144, in simple_response
    await self.app(scope, receive, send)
  File "D:\candidate-ai\candidate-api\venv\Lib\site-packages\starlette\middleware\exceptions.py", line 63, in __call__
    await wrap_app_handling_exceptions(self.app, conn)(scope, receive, send)
  File "D:\candidate-ai\candidate-api\venv\Lib\site-packages\starlette\_exception_handler.py", line 53, in wrapped_app
    raise exc
  File "D:\candidate-ai\candidate-api\venv\Lib\site-packages\starlette\_exception_handler.py", line 42, in wrapped_app
    await app(scope, receive, sender)
  File "D:\candidate-ai\candidate-api\venv\Lib\site-packages\fastapi\middleware\asyncexitstack.py", line 18, in __call__
    await self.app(scope, receive, send)
  File "D:\candidate-ai\candidate-api\venv\Lib\site-packages\starlette\routing.py", line 716, in __call__
    await self.middleware_stack(scope, receive, send)
  File "D:\candidate-ai\candidate-api\venv\Lib\site-packages\starlette\routing.py", line 736, in app
    await route.handle(scope, receive, send)
  File "D:\candidate-ai\candidate-api\venv\Lib\site-packages\starlette\routing.py", line 290, in handle
    await self.app(scope, receive, send)
  File "D:\candidate-ai\candidate-api\venv\Lib\site-packages\fastapi\routing.py", line 123, in app
    await wrap_app_handling_exceptions(app, request)(scope, receive, send)
  File "D:\candidate-ai\candidate-api\venv\Lib\site-packages\starlette\_exception_handler.py", line 53, in wrapped_app
    raise exc
  File "D:\candidate-ai\candidate-api\venv\Lib\site-packages\starlette\_exception_handler.py", line 42, in wrapped_app
    await app(scope, receive, sender)
  File "D:\candidate-ai\candidate-api\venv\Lib\site-packages\fastapi\routing.py", line 109, in app
    response = await f(request)
               ^^^^^^^^^^^^^^^^
  File "D:\candidate-ai\candidate-api\venv\Lib\site-packages\fastapi\routing.py", line 387, in app
    raw_response = await run_endpoint_function(
                   ^^^^^^^^^^^^^^^^^^^^^^^^^^^^
    ...<3 lines>...
    )
    ^
  File "D:\candidate-ai\candidate-api\venv\Lib\site-packages\fastapi\routing.py", line 290, in run_endpoint_function
    return await run_in_threadpool(dependant.call, **values)
           ^^^^^^^^^^^^^^^^^^^^^^^^^^^^^^^^^^^^^^^^^^^^^^^^^
  File "D:\candidate-ai\candidate-api\venv\Lib\site-packages\starlette\concurrency.py", line 38, in run_in_threadpool
    return await anyio.to_thread.run_sync(func)
           ^^^^^^^^^^^^^^^^^^^^^^^^^^^^^^^^^^^^
  File "D:\candidate-ai\candidate-api\venv\Lib\site-packages\anyio\to_thread.py", line 56, in run_sync
    return await get_async_backend().run_sync_in_worker_thread(
           ^^^^^^^^^^^^^^^^^^^^^^^^^^^^^^^^^^^^^^^^^^^^^^^^^^^^
        func, args, abandon_on_cancel=abandon_on_cancel, limiter=limiter
        ^^^^^^^^^^^^^^^^^^^^^^^^^^^^^^^^^^^^^^^^^^^^^^^^^^^^^^^^^^^^^^^^
    )
    ^
  File "D:\candidate-ai\candidate-api\venv\Lib\site-packages\anyio\_backends\_asyncio.py", line 2485, in run_sync_in_worker_thread
    return await future
           ^^^^^^^^^^^^
  File "D:\candidate-ai\candidate-api\venv\Lib\site-packages\anyio\_backends\_asyncio.py", line 976, in run
    result = context.run(func, *args)
  File "D:\my document\recruitment-application\api-application\app\routers\user_router.py", line 173, in get_user_by_id
    return user_controller.get_user_by_id(db, current_user_id)
           ~~~~~~~~~~~~~~~~~~~~~~~~~~~~~~^^^^^^^^^^^^^^^^^^^^^
  File "D:\my document\recruitment-application\api-application\app\controllers\user_controller.py", line 520, in get_user_by_id
    return db.query(User).filter(User.pk_id == user_id).first()
           ~~~~~~~~~~~~~~~~~~~~~~~~~~~~~~~~~~~~~~~~~~~~~~~~~~^^
  File "D:\candidate-ai\candidate-api\venv\Lib\site-packages\sqlalchemy\orm\query.py", line 2759, in first
    return self.limit(1)._iter().first()  # type: ignore
           ~~~~~~~~~~~~~~~~~~~^^
  File "D:\candidate-ai\candidate-api\venv\Lib\site-packages\sqlalchemy\orm\query.py", line 2857, in _iter
    result: Union[ScalarResult[_T], Result[_T]] = self.session.execute(
                                                  ~~~~~~~~~~~~~~~~~~~~^
        statement,
        ^^^^^^^^^^
        params,
        ^^^^^^^
        execution_options={"_sa_orm_load_options": self.load_options},
        ^^^^^^^^^^^^^^^^^^^^^^^^^^^^^^^^^^^^^^^^^^^^^^^^^^^^^^^^^^^^^^
    )
    ^
  File "D:\candidate-ai\candidate-api\venv\Lib\site-packages\sqlalchemy\orm\session.py", line 2365, in execute
    return self._execute_internal(
           ~~~~~~~~~~~~~~~~~~~~~~^
        statement,
        ^^^^^^^^^^
    ...<4 lines>...
        _add_event=_add_event,
        ^^^^^^^^^^^^^^^^^^^^^^
    )
    ^
  File "D:\candidate-ai\candidate-api\venv\Lib\site-packages\sqlalchemy\orm\session.py", line 2251, in _execute_internal
    result: Result[Any] = compile_state_cls.orm_execute_statement(
                          ~~~~~~~~~~~~~~~~~~~~~~~~~~~~~~~~~~~~~~~^
        self,
        ^^^^^
    ...<4 lines>...
        conn,
        ^^^^^
    )
    ^
  File "D:\candidate-ai\candidate-api\venv\Lib\site-packages\sqlalchemy\orm\context.py", line 306, in orm_execute_statement
    result = conn.execute(
        statement, params or {}, execution_options=execution_options
    )
  File "D:\candidate-ai\candidate-api\venv\Lib\site-packages\sqlalchemy\engine\base.py", line 1419, in execute
    return meth(
        self,
        distilled_parameters,
        execution_options or NO_OPTIONS,
    )
  File "D:\candidate-ai\candidate-api\venv\Lib\site-packages\sqlalchemy\sql\elements.py", line 526, in _execute_on_connection
    return connection._execute_clauseelement(
           ~~~~~~~~~~~~~~~~~~~~~~~~~~~~~~~~~^
        self, distilled_params, execution_options
        ^^^^^^^^^^^^^^^^^^^^^^^^^^^^^^^^^^^^^^^^^
    )
    ^
  File "D:\candidate-ai\candidate-api\venv\Lib\site-packages\sqlalchemy\engine\base.py", line 1641, in _execute_clauseelement
    ret = self._execute_context(
        dialect,
    ...<8 lines>...
        cache_hit=cache_hit,
    )
  File "D:\candidate-ai\candidate-api\venv\Lib\site-packages\sqlalchemy\engine\base.py", line 1846, in _execute_context
    return self._exec_single_context(
           ~~~~~~~~~~~~~~~~~~~~~~~~~^
        dialect, context, statement, parameters
        ^^^^^^^^^^^^^^^^^^^^^^^^^^^^^^^^^^^^^^^
    )
    ^
  File "D:\candidate-ai\candidate-api\venv\Lib\site-packages\sqlalchemy\engine\base.py", line 1986, in _exec_single_context
    self._handle_dbapi_exception(
    ~~~~~~~~~~~~~~~~~~~~~~~~~~~~^
        e, str_statement, effective_parameters, cursor, context
        ^^^^^^^^^^^^^^^^^^^^^^^^^^^^^^^^^^^^^^^^^^^^^^^^^^^^^^^
    )
    ^
  File "D:\candidate-ai\candidate-api\venv\Lib\site-packages\sqlalchemy\engine\base.py", line 2355, in _handle_dbapi_exception
    raise sqlalchemy_exception.with_traceback(exc_info[2]) from e
  File "D:\candidate-ai\candidate-api\venv\Lib\site-packages\sqlalchemy\engine\base.py", line 1967, in _exec_single_context
    self.dialect.do_execute(
    ~~~~~~~~~~~~~~~~~~~~~~~^
        cursor, str_statement, effective_parameters, context
        ^^^^^^^^^^^^^^^^^^^^^^^^^^^^^^^^^^^^^^^^^^^^^^^^^^^^
    )
    ^
  File "D:\candidate-ai\candidate-api\venv\Lib\site-packages\sqlalchemy\engine\default.py", line 951, in do_execute
    cursor.execute(statement, parameters)
    ~~~~~~~~~~~~~~^^^^^^^^^^^^^^^^^^^^^^^
sqlalchemy.exc.ProgrammingError: (psycopg2.errors.UndefinedColumn) column t_user.bio does not exist
LINE 1: ..., t_user.wrong_password AS t_user_wrong_password, t_user.bio...
                                                             ^

[SQL: SELECT t_user.pk_id AS t_user_pk_id, t_user.user_name AS t_user_user_name, t_user.email AS t_user_email, t_user.password AS t_user_password, t_user.user_type AS t_user_user_type, t_user.gender AS t_user_gender, t_user.phone AS t_user_phone, t_user.date_of_birth AS t_user_date_of_birth, t_user.address AS t_user_address, t_user.wrong_password AS t_user_wrong_password, t_user.bio AS t_user_bio, t_user.profile_image AS t_user_profile_image, t_user.created_date AS t_user_created_date, t_user.is_active AS t_user_is_active, t_user.approved AS t_user_approved, t_user.updated_date AS t_user_updated_date 
FROM t_user 
WHERE t_user.pk_id = %(pk_id_1)s 
 LIMIT %(param_1)s]
[parameters: {'pk_id_1': 1, 'param_1': 1}]
(Background on this error at: https://sqlalche.me/e/20/f405)

===================================================
        
2026-02-27 15:18:09,156 | ERROR | 
================= UNHANDLED ERROR =================
URL: http://localhost:8000/user/profile
Method: GET
Client: 127.0.0.1
Error: (psycopg2.errors.UndefinedColumn) column t_user.bio does not exist
LINE 1: ..., t_user.wrong_password AS t_user_wrong_password, t_user.bio...
                                                             ^

[SQL: SELECT t_user.pk_id AS t_user_pk_id, t_user.user_name AS t_user_user_name, t_user.email AS t_user_email, t_user.password AS t_user_password, t_user.user_type AS t_user_user_type, t_user.gender AS t_user_gender, t_user.phone AS t_user_phone, t_user.date_of_birth AS t_user_date_of_birth, t_user.address AS t_user_address, t_user.wrong_password AS t_user_wrong_password, t_user.bio AS t_user_bio, t_user.profile_image AS t_user_profile_image, t_user.created_date AS t_user_created_date, t_user.is_active AS t_user_is_active, t_user.approved AS t_user_approved, t_user.updated_date AS t_user_updated_date 
FROM t_user 
WHERE t_user.pk_id = %(pk_id_1)s 
 LIMIT %(param_1)s]
[parameters: {'pk_id_1': 1, 'param_1': 1}]
(Background on this error at: https://sqlalche.me/e/20/f405)
Traceback:
Traceback (most recent call last):
  File "D:\candidate-ai\candidate-api\venv\Lib\site-packages\sqlalchemy\engine\base.py", line 1967, in _exec_single_context
    self.dialect.do_execute(
    ~~~~~~~~~~~~~~~~~~~~~~~^
        cursor, str_statement, effective_parameters, context
        ^^^^^^^^^^^^^^^^^^^^^^^^^^^^^^^^^^^^^^^^^^^^^^^^^^^^
    )
    ^
  File "D:\candidate-ai\candidate-api\venv\Lib\site-packages\sqlalchemy\engine\default.py", line 951, in do_execute
    cursor.execute(statement, parameters)
    ~~~~~~~~~~~~~~^^^^^^^^^^^^^^^^^^^^^^^
psycopg2.errors.UndefinedColumn: column t_user.bio does not exist
LINE 1: ..., t_user.wrong_password AS t_user_wrong_password, t_user.bio...
                                                             ^


The above exception was the direct cause of the following exception:

Traceback (most recent call last):
  File "D:\candidate-ai\candidate-api\venv\Lib\site-packages\starlette\middleware\errors.py", line 164, in __call__
    await self.app(scope, receive, _send)
  File "D:\candidate-ai\candidate-api\venv\Lib\site-packages\starlette\middleware\cors.py", line 93, in __call__
    await self.simple_response(scope, receive, send, request_headers=headers)
  File "D:\candidate-ai\candidate-api\venv\Lib\site-packages\starlette\middleware\cors.py", line 144, in simple_response
    await self.app(scope, receive, send)
  File "D:\candidate-ai\candidate-api\venv\Lib\site-packages\starlette\middleware\exceptions.py", line 63, in __call__
    await wrap_app_handling_exceptions(self.app, conn)(scope, receive, send)
  File "D:\candidate-ai\candidate-api\venv\Lib\site-packages\starlette\_exception_handler.py", line 53, in wrapped_app
    raise exc
  File "D:\candidate-ai\candidate-api\venv\Lib\site-packages\starlette\_exception_handler.py", line 42, in wrapped_app
    await app(scope, receive, sender)
  File "D:\candidate-ai\candidate-api\venv\Lib\site-packages\fastapi\middleware\asyncexitstack.py", line 18, in __call__
    await self.app(scope, receive, send)
  File "D:\candidate-ai\candidate-api\venv\Lib\site-packages\starlette\routing.py", line 716, in __call__
    await self.middleware_stack(scope, receive, send)
  File "D:\candidate-ai\candidate-api\venv\Lib\site-packages\starlette\routing.py", line 736, in app
    await route.handle(scope, receive, send)
  File "D:\candidate-ai\candidate-api\venv\Lib\site-packages\starlette\routing.py", line 290, in handle
    await self.app(scope, receive, send)
  File "D:\candidate-ai\candidate-api\venv\Lib\site-packages\fastapi\routing.py", line 123, in app
    await wrap_app_handling_exceptions(app, request)(scope, receive, send)
  File "D:\candidate-ai\candidate-api\venv\Lib\site-packages\starlette\_exception_handler.py", line 53, in wrapped_app
    raise exc
  File "D:\candidate-ai\candidate-api\venv\Lib\site-packages\starlette\_exception_handler.py", line 42, in wrapped_app
    await app(scope, receive, sender)
  File "D:\candidate-ai\candidate-api\venv\Lib\site-packages\fastapi\routing.py", line 109, in app
    response = await f(request)
               ^^^^^^^^^^^^^^^^
  File "D:\candidate-ai\candidate-api\venv\Lib\site-packages\fastapi\routing.py", line 387, in app
    raw_response = await run_endpoint_function(
                   ^^^^^^^^^^^^^^^^^^^^^^^^^^^^
    ...<3 lines>...
    )
    ^
  File "D:\candidate-ai\candidate-api\venv\Lib\site-packages\fastapi\routing.py", line 290, in run_endpoint_function
    return await run_in_threadpool(dependant.call, **values)
           ^^^^^^^^^^^^^^^^^^^^^^^^^^^^^^^^^^^^^^^^^^^^^^^^^
  File "D:\candidate-ai\candidate-api\venv\Lib\site-packages\starlette\concurrency.py", line 38, in run_in_threadpool
    return await anyio.to_thread.run_sync(func)
           ^^^^^^^^^^^^^^^^^^^^^^^^^^^^^^^^^^^^
  File "D:\candidate-ai\candidate-api\venv\Lib\site-packages\anyio\to_thread.py", line 56, in run_sync
    return await get_async_backend().run_sync_in_worker_thread(
           ^^^^^^^^^^^^^^^^^^^^^^^^^^^^^^^^^^^^^^^^^^^^^^^^^^^^
        func, args, abandon_on_cancel=abandon_on_cancel, limiter=limiter
        ^^^^^^^^^^^^^^^^^^^^^^^^^^^^^^^^^^^^^^^^^^^^^^^^^^^^^^^^^^^^^^^^
    )
    ^
  File "D:\candidate-ai\candidate-api\venv\Lib\site-packages\anyio\_backends\_asyncio.py", line 2485, in run_sync_in_worker_thread
    return await future
           ^^^^^^^^^^^^
  File "D:\candidate-ai\candidate-api\venv\Lib\site-packages\anyio\_backends\_asyncio.py", line 976, in run
    result = context.run(func, *args)
  File "D:\my document\recruitment-application\api-application\app\routers\user_router.py", line 173, in get_user_by_id
    return user_controller.get_user_by_id(db, current_user_id)
           ~~~~~~~~~~~~~~~~~~~~~~~~~~~~~~^^^^^^^^^^^^^^^^^^^^^
  File "D:\my document\recruitment-application\api-application\app\controllers\user_controller.py", line 520, in get_user_by_id
    return db.query(User).filter(User.pk_id == user_id).first()
           ~~~~~~~~~~~~~~~~~~~~~~~~~~~~~~~~~~~~~~~~~~~~~~~~~~^^
  File "D:\candidate-ai\candidate-api\venv\Lib\site-packages\sqlalchemy\orm\query.py", line 2759, in first
    return self.limit(1)._iter().first()  # type: ignore
           ~~~~~~~~~~~~~~~~~~~^^
  File "D:\candidate-ai\candidate-api\venv\Lib\site-packages\sqlalchemy\orm\query.py", line 2857, in _iter
    result: Union[ScalarResult[_T], Result[_T]] = self.session.execute(
                                                  ~~~~~~~~~~~~~~~~~~~~^
        statement,
        ^^^^^^^^^^
        params,
        ^^^^^^^
        execution_options={"_sa_orm_load_options": self.load_options},
        ^^^^^^^^^^^^^^^^^^^^^^^^^^^^^^^^^^^^^^^^^^^^^^^^^^^^^^^^^^^^^^
    )
    ^
  File "D:\candidate-ai\candidate-api\venv\Lib\site-packages\sqlalchemy\orm\session.py", line 2365, in execute
    return self._execute_internal(
           ~~~~~~~~~~~~~~~~~~~~~~^
        statement,
        ^^^^^^^^^^
    ...<4 lines>...
        _add_event=_add_event,
        ^^^^^^^^^^^^^^^^^^^^^^
    )
    ^
  File "D:\candidate-ai\candidate-api\venv\Lib\site-packages\sqlalchemy\orm\session.py", line 2251, in _execute_internal
    result: Result[Any] = compile_state_cls.orm_execute_statement(
                          ~~~~~~~~~~~~~~~~~~~~~~~~~~~~~~~~~~~~~~~^
        self,
        ^^^^^
    ...<4 lines>...
        conn,
        ^^^^^
    )
    ^
  File "D:\candidate-ai\candidate-api\venv\Lib\site-packages\sqlalchemy\orm\context.py", line 306, in orm_execute_statement
    result = conn.execute(
        statement, params or {}, execution_options=execution_options
    )
  File "D:\candidate-ai\candidate-api\venv\Lib\site-packages\sqlalchemy\engine\base.py", line 1419, in execute
    return meth(
        self,
        distilled_parameters,
        execution_options or NO_OPTIONS,
    )
  File "D:\candidate-ai\candidate-api\venv\Lib\site-packages\sqlalchemy\sql\elements.py", line 526, in _execute_on_connection
    return connection._execute_clauseelement(
           ~~~~~~~~~~~~~~~~~~~~~~~~~~~~~~~~~^
        self, distilled_params, execution_options
        ^^^^^^^^^^^^^^^^^^^^^^^^^^^^^^^^^^^^^^^^^
    )
    ^
  File "D:\candidate-ai\candidate-api\venv\Lib\site-packages\sqlalchemy\engine\base.py", line 1641, in _execute_clauseelement
    ret = self._execute_context(
        dialect,
    ...<8 lines>...
        cache_hit=cache_hit,
    )
  File "D:\candidate-ai\candidate-api\venv\Lib\site-packages\sqlalchemy\engine\base.py", line 1846, in _execute_context
    return self._exec_single_context(
           ~~~~~~~~~~~~~~~~~~~~~~~~~^
        dialect, context, statement, parameters
        ^^^^^^^^^^^^^^^^^^^^^^^^^^^^^^^^^^^^^^^
    )
    ^
  File "D:\candidate-ai\candidate-api\venv\Lib\site-packages\sqlalchemy\engine\base.py", line 1986, in _exec_single_context
    self._handle_dbapi_exception(
    ~~~~~~~~~~~~~~~~~~~~~~~~~~~~^
        e, str_statement, effective_parameters, cursor, context
        ^^^^^^^^^^^^^^^^^^^^^^^^^^^^^^^^^^^^^^^^^^^^^^^^^^^^^^^
    )
    ^
  File "D:\candidate-ai\candidate-api\venv\Lib\site-packages\sqlalchemy\engine\base.py", line 2355, in _handle_dbapi_exception
    raise sqlalchemy_exception.with_traceback(exc_info[2]) from e
  File "D:\candidate-ai\candidate-api\venv\Lib\site-packages\sqlalchemy\engine\base.py", line 1967, in _exec_single_context
    self.dialect.do_execute(
    ~~~~~~~~~~~~~~~~~~~~~~~^
        cursor, str_statement, effective_parameters, context
        ^^^^^^^^^^^^^^^^^^^^^^^^^^^^^^^^^^^^^^^^^^^^^^^^^^^^
    )
    ^
  File "D:\candidate-ai\candidate-api\venv\Lib\site-packages\sqlalchemy\engine\default.py", line 951, in do_execute
    cursor.execute(statement, parameters)
    ~~~~~~~~~~~~~~^^^^^^^^^^^^^^^^^^^^^^^
sqlalchemy.exc.ProgrammingError: (psycopg2.errors.UndefinedColumn) column t_user.bio does not exist
LINE 1: ..., t_user.wrong_password AS t_user_wrong_password, t_user.bio...
                                                             ^

[SQL: SELECT t_user.pk_id AS t_user_pk_id, t_user.user_name AS t_user_user_name, t_user.email AS t_user_email, t_user.password AS t_user_password, t_user.user_type AS t_user_user_type, t_user.gender AS t_user_gender, t_user.phone AS t_user_phone, t_user.date_of_birth AS t_user_date_of_birth, t_user.address AS t_user_address, t_user.wrong_password AS t_user_wrong_password, t_user.bio AS t_user_bio, t_user.profile_image AS t_user_profile_image, t_user.created_date AS t_user_created_date, t_user.is_active AS t_user_is_active, t_user.approved AS t_user_approved, t_user.updated_date AS t_user_updated_date 
FROM t_user 
WHERE t_user.pk_id = %(pk_id_1)s 
 LIMIT %(param_1)s]
[parameters: {'pk_id_1': 1, 'param_1': 1}]
(Background on this error at: https://sqlalche.me/e/20/f405)

===================================================
        
2026-02-27 15:18:13,369 | ERROR | 
================= UNHANDLED ERROR =================
URL: http://localhost:8000/chat/?limit=20&offset=0
Method: GET
Client: 127.0.0.1
Error: (psycopg2.errors.UndefinedColumn) column t_user.bio does not exist
LINE 1: ..., t_user.wrong_password AS t_user_wrong_password, t_user.bio...
                                                             ^

[SQL: SELECT t_user.pk_id AS t_user_pk_id, t_user.user_name AS t_user_user_name, t_user.email AS t_user_email, t_user.password AS t_user_password, t_user.user_type AS t_user_user_type, t_user.gender AS t_user_gender, t_user.phone AS t_user_phone, t_user.date_of_birth AS t_user_date_of_birth, t_user.address AS t_user_address, t_user.wrong_password AS t_user_wrong_password, t_user.bio AS t_user_bio, t_user.profile_image AS t_user_profile_image, t_user.created_date AS t_user_created_date, t_user.is_active AS t_user_is_active, t_user.approved AS t_user_approved, t_user.updated_date AS t_user_updated_date 
FROM t_user 
WHERE t_user.pk_id = %(pk_id_1)s 
 LIMIT %(param_1)s]
[parameters: {'pk_id_1': 1, 'param_1': 1}]
(Background on this error at: https://sqlalche.me/e/20/f405)
Traceback:
Traceback (most recent call last):
  File "D:\candidate-ai\candidate-api\venv\Lib\site-packages\sqlalchemy\engine\base.py", line 1967, in _exec_single_context
    self.dialect.do_execute(
    ~~~~~~~~~~~~~~~~~~~~~~~^
        cursor, str_statement, effective_parameters, context
        ^^^^^^^^^^^^^^^^^^^^^^^^^^^^^^^^^^^^^^^^^^^^^^^^^^^^
    )
    ^
  File "D:\candidate-ai\candidate-api\venv\Lib\site-packages\sqlalchemy\engine\default.py", line 951, in do_execute
    cursor.execute(statement, parameters)
    ~~~~~~~~~~~~~~^^^^^^^^^^^^^^^^^^^^^^^
psycopg2.errors.UndefinedColumn: column t_user.bio does not exist
LINE 1: ..., t_user.wrong_password AS t_user_wrong_password, t_user.bio...
                                                             ^


The above exception was the direct cause of the following exception:

Traceback (most recent call last):
  File "D:\candidate-ai\candidate-api\venv\Lib\site-packages\starlette\middleware\errors.py", line 164, in __call__
    await self.app(scope, receive, _send)
  File "D:\candidate-ai\candidate-api\venv\Lib\site-packages\starlette\middleware\cors.py", line 93, in __call__
    await self.simple_response(scope, receive, send, request_headers=headers)
  File "D:\candidate-ai\candidate-api\venv\Lib\site-packages\starlette\middleware\cors.py", line 144, in simple_response
    await self.app(scope, receive, send)
  File "D:\candidate-ai\candidate-api\venv\Lib\site-packages\starlette\middleware\exceptions.py", line 63, in __call__
    await wrap_app_handling_exceptions(self.app, conn)(scope, receive, send)
  File "D:\candidate-ai\candidate-api\venv\Lib\site-packages\starlette\_exception_handler.py", line 53, in wrapped_app
    raise exc
  File "D:\candidate-ai\candidate-api\venv\Lib\site-packages\starlette\_exception_handler.py", line 42, in wrapped_app
    await app(scope, receive, sender)
  File "D:\candidate-ai\candidate-api\venv\Lib\site-packages\fastapi\middleware\asyncexitstack.py", line 18, in __call__
    await self.app(scope, receive, send)
  File "D:\candidate-ai\candidate-api\venv\Lib\site-packages\starlette\routing.py", line 716, in __call__
    await self.middleware_stack(scope, receive, send)
  File "D:\candidate-ai\candidate-api\venv\Lib\site-packages\starlette\routing.py", line 736, in app
    await route.handle(scope, receive, send)
  File "D:\candidate-ai\candidate-api\venv\Lib\site-packages\starlette\routing.py", line 290, in handle
    await self.app(scope, receive, send)
  File "D:\candidate-ai\candidate-api\venv\Lib\site-packages\fastapi\routing.py", line 123, in app
    await wrap_app_handling_exceptions(app, request)(scope, receive, send)
  File "D:\candidate-ai\candidate-api\venv\Lib\site-packages\starlette\_exception_handler.py", line 53, in wrapped_app
    raise exc
  File "D:\candidate-ai\candidate-api\venv\Lib\site-packages\starlette\_exception_handler.py", line 42, in wrapped_app
    await app(scope, receive, sender)
  File "D:\candidate-ai\candidate-api\venv\Lib\site-packages\fastapi\routing.py", line 109, in app
    response = await f(request)
               ^^^^^^^^^^^^^^^^
  File "D:\candidate-ai\candidate-api\venv\Lib\site-packages\fastapi\routing.py", line 387, in app
    raw_response = await run_endpoint_function(
                   ^^^^^^^^^^^^^^^^^^^^^^^^^^^^
    ...<3 lines>...
    )
    ^
  File "D:\candidate-ai\candidate-api\venv\Lib\site-packages\fastapi\routing.py", line 290, in run_endpoint_function
    return await run_in_threadpool(dependant.call, **values)
           ^^^^^^^^^^^^^^^^^^^^^^^^^^^^^^^^^^^^^^^^^^^^^^^^^
  File "D:\candidate-ai\candidate-api\venv\Lib\site-packages\starlette\concurrency.py", line 38, in run_in_threadpool
    return await anyio.to_thread.run_sync(func)
           ^^^^^^^^^^^^^^^^^^^^^^^^^^^^^^^^^^^^
  File "D:\candidate-ai\candidate-api\venv\Lib\site-packages\anyio\to_thread.py", line 56, in run_sync
    return await get_async_backend().run_sync_in_worker_thread(
           ^^^^^^^^^^^^^^^^^^^^^^^^^^^^^^^^^^^^^^^^^^^^^^^^^^^^
        func, args, abandon_on_cancel=abandon_on_cancel, limiter=limiter
        ^^^^^^^^^^^^^^^^^^^^^^^^^^^^^^^^^^^^^^^^^^^^^^^^^^^^^^^^^^^^^^^^
    )
    ^
  File "D:\candidate-ai\candidate-api\venv\Lib\site-packages\anyio\_backends\_asyncio.py", line 2485, in run_sync_in_worker_thread
    return await future
           ^^^^^^^^^^^^
  File "D:\candidate-ai\candidate-api\venv\Lib\site-packages\anyio\_backends\_asyncio.py", line 976, in run
    result = context.run(func, *args)
  File "D:\my document\recruitment-application\api-application\app\routers\chat_router.py", line 76, in get_my_conversations
    current_user = db.query(User).filter(User.pk_id == current_user_id).first()
  File "D:\candidate-ai\candidate-api\venv\Lib\site-packages\sqlalchemy\orm\query.py", line 2759, in first
    return self.limit(1)._iter().first()  # type: ignore
           ~~~~~~~~~~~~~~~~~~~^^
  File "D:\candidate-ai\candidate-api\venv\Lib\site-packages\sqlalchemy\orm\query.py", line 2857, in _iter
    result: Union[ScalarResult[_T], Result[_T]] = self.session.execute(
                                                  ~~~~~~~~~~~~~~~~~~~~^
        statement,
        ^^^^^^^^^^
        params,
        ^^^^^^^
        execution_options={"_sa_orm_load_options": self.load_options},
        ^^^^^^^^^^^^^^^^^^^^^^^^^^^^^^^^^^^^^^^^^^^^^^^^^^^^^^^^^^^^^^
    )
    ^
  File "D:\candidate-ai\candidate-api\venv\Lib\site-packages\sqlalchemy\orm\session.py", line 2365, in execute
    return self._execute_internal(
           ~~~~~~~~~~~~~~~~~~~~~~^
        statement,
        ^^^^^^^^^^
    ...<4 lines>...
        _add_event=_add_event,
        ^^^^^^^^^^^^^^^^^^^^^^
    )
    ^
  File "D:\candidate-ai\candidate-api\venv\Lib\site-packages\sqlalchemy\orm\session.py", line 2251, in _execute_internal
    result: Result[Any] = compile_state_cls.orm_execute_statement(
                          ~~~~~~~~~~~~~~~~~~~~~~~~~~~~~~~~~~~~~~~^
        self,
        ^^^^^
    ...<4 lines>...
        conn,
        ^^^^^
    )
    ^
  File "D:\candidate-ai\candidate-api\venv\Lib\site-packages\sqlalchemy\orm\context.py", line 306, in orm_execute_statement
    result = conn.execute(
        statement, params or {}, execution_options=execution_options
    )
  File "D:\candidate-ai\candidate-api\venv\Lib\site-packages\sqlalchemy\engine\base.py", line 1419, in execute
    return meth(
        self,
        distilled_parameters,
        execution_options or NO_OPTIONS,
    )
  File "D:\candidate-ai\candidate-api\venv\Lib\site-packages\sqlalchemy\sql\elements.py", line 526, in _execute_on_connection
    return connection._execute_clauseelement(
           ~~~~~~~~~~~~~~~~~~~~~~~~~~~~~~~~~^
        self, distilled_params, execution_options
        ^^^^^^^^^^^^^^^^^^^^^^^^^^^^^^^^^^^^^^^^^
    )
    ^
  File "D:\candidate-ai\candidate-api\venv\Lib\site-packages\sqlalchemy\engine\base.py", line 1641, in _execute_clauseelement
    ret = self._execute_context(
        dialect,
    ...<8 lines>...
        cache_hit=cache_hit,
    )
  File "D:\candidate-ai\candidate-api\venv\Lib\site-packages\sqlalchemy\engine\base.py", line 1846, in _execute_context
    return self._exec_single_context(
           ~~~~~~~~~~~~~~~~~~~~~~~~~^
        dialect, context, statement, parameters
        ^^^^^^^^^^^^^^^^^^^^^^^^^^^^^^^^^^^^^^^
    )
    ^
  File "D:\candidate-ai\candidate-api\venv\Lib\site-packages\sqlalchemy\engine\base.py", line 1986, in _exec_single_context
    self._handle_dbapi_exception(
    ~~~~~~~~~~~~~~~~~~~~~~~~~~~~^
        e, str_statement, effective_parameters, cursor, context
        ^^^^^^^^^^^^^^^^^^^^^^^^^^^^^^^^^^^^^^^^^^^^^^^^^^^^^^^
    )
    ^
  File "D:\candidate-ai\candidate-api\venv\Lib\site-packages\sqlalchemy\engine\base.py", line 2355, in _handle_dbapi_exception
    raise sqlalchemy_exception.with_traceback(exc_info[2]) from e
  File "D:\candidate-ai\candidate-api\venv\Lib\site-packages\sqlalchemy\engine\base.py", line 1967, in _exec_single_context
    self.dialect.do_execute(
    ~~~~~~~~~~~~~~~~~~~~~~~^
        cursor, str_statement, effective_parameters, context
        ^^^^^^^^^^^^^^^^^^^^^^^^^^^^^^^^^^^^^^^^^^^^^^^^^^^^
    )
    ^
  File "D:\candidate-ai\candidate-api\venv\Lib\site-packages\sqlalchemy\engine\default.py", line 951, in do_execute
    cursor.execute(statement, parameters)
    ~~~~~~~~~~~~~~^^^^^^^^^^^^^^^^^^^^^^^
sqlalchemy.exc.ProgrammingError: (psycopg2.errors.UndefinedColumn) column t_user.bio does not exist
LINE 1: ..., t_user.wrong_password AS t_user_wrong_password, t_user.bio...
                                                             ^

[SQL: SELECT t_user.pk_id AS t_user_pk_id, t_user.user_name AS t_user_user_name, t_user.email AS t_user_email, t_user.password AS t_user_password, t_user.user_type AS t_user_user_type, t_user.gender AS t_user_gender, t_user.phone AS t_user_phone, t_user.date_of_birth AS t_user_date_of_birth, t_user.address AS t_user_address, t_user.wrong_password AS t_user_wrong_password, t_user.bio AS t_user_bio, t_user.profile_image AS t_user_profile_image, t_user.created_date AS t_user_created_date, t_user.is_active AS t_user_is_active, t_user.approved AS t_user_approved, t_user.updated_date AS t_user_updated_date 
FROM t_user 
WHERE t_user.pk_id = %(pk_id_1)s 
 LIMIT %(param_1)s]
[parameters: {'pk_id_1': 1, 'param_1': 1}]
(Background on this error at: https://sqlalche.me/e/20/f405)

===================================================
        
2026-02-27 15:18:13,430 | ERROR | 
================= UNHANDLED ERROR =================
URL: http://localhost:8000/chat/?limit=20&offset=0
Method: GET
Client: 127.0.0.1
Error: (psycopg2.errors.UndefinedColumn) column t_user.bio does not exist
LINE 1: ..., t_user.wrong_password AS t_user_wrong_password, t_user.bio...
                                                             ^

[SQL: SELECT t_user.pk_id AS t_user_pk_id, t_user.user_name AS t_user_user_name, t_user.email AS t_user_email, t_user.password AS t_user_password, t_user.user_type AS t_user_user_type, t_user.gender AS t_user_gender, t_user.phone AS t_user_phone, t_user.date_of_birth AS t_user_date_of_birth, t_user.address AS t_user_address, t_user.wrong_password AS t_user_wrong_password, t_user.bio AS t_user_bio, t_user.profile_image AS t_user_profile_image, t_user.created_date AS t_user_created_date, t_user.is_active AS t_user_is_active, t_user.approved AS t_user_approved, t_user.updated_date AS t_user_updated_date 
FROM t_user 
WHERE t_user.pk_id = %(pk_id_1)s 
 LIMIT %(param_1)s]
[parameters: {'pk_id_1': 1, 'param_1': 1}]
(Background on this error at: https://sqlalche.me/e/20/f405)
Traceback:
Traceback (most recent call last):
  File "D:\candidate-ai\candidate-api\venv\Lib\site-packages\sqlalchemy\engine\base.py", line 1967, in _exec_single_context
    self.dialect.do_execute(
    ~~~~~~~~~~~~~~~~~~~~~~~^
        cursor, str_statement, effective_parameters, context
        ^^^^^^^^^^^^^^^^^^^^^^^^^^^^^^^^^^^^^^^^^^^^^^^^^^^^
    )
    ^
  File "D:\candidate-ai\candidate-api\venv\Lib\site-packages\sqlalchemy\engine\default.py", line 951, in do_execute
    cursor.execute(statement, parameters)
    ~~~~~~~~~~~~~~^^^^^^^^^^^^^^^^^^^^^^^
psycopg2.errors.UndefinedColumn: column t_user.bio does not exist
LINE 1: ..., t_user.wrong_password AS t_user_wrong_password, t_user.bio...
                                                             ^


The above exception was the direct cause of the following exception:

Traceback (most recent call last):
  File "D:\candidate-ai\candidate-api\venv\Lib\site-packages\starlette\middleware\errors.py", line 164, in __call__
    await self.app(scope, receive, _send)
  File "D:\candidate-ai\candidate-api\venv\Lib\site-packages\starlette\middleware\cors.py", line 93, in __call__
    await self.simple_response(scope, receive, send, request_headers=headers)
  File "D:\candidate-ai\candidate-api\venv\Lib\site-packages\starlette\middleware\cors.py", line 144, in simple_response
    await self.app(scope, receive, send)
  File "D:\candidate-ai\candidate-api\venv\Lib\site-packages\starlette\middleware\exceptions.py", line 63, in __call__
    await wrap_app_handling_exceptions(self.app, conn)(scope, receive, send)
  File "D:\candidate-ai\candidate-api\venv\Lib\site-packages\starlette\_exception_handler.py", line 53, in wrapped_app
    raise exc
  File "D:\candidate-ai\candidate-api\venv\Lib\site-packages\starlette\_exception_handler.py", line 42, in wrapped_app
    await app(scope, receive, sender)
  File "D:\candidate-ai\candidate-api\venv\Lib\site-packages\fastapi\middleware\asyncexitstack.py", line 18, in __call__
    await self.app(scope, receive, send)
  File "D:\candidate-ai\candidate-api\venv\Lib\site-packages\starlette\routing.py", line 716, in __call__
    await self.middleware_stack(scope, receive, send)
  File "D:\candidate-ai\candidate-api\venv\Lib\site-packages\starlette\routing.py", line 736, in app
    await route.handle(scope, receive, send)
  File "D:\candidate-ai\candidate-api\venv\Lib\site-packages\starlette\routing.py", line 290, in handle
    await self.app(scope, receive, send)
  File "D:\candidate-ai\candidate-api\venv\Lib\site-packages\fastapi\routing.py", line 123, in app
    await wrap_app_handling_exceptions(app, request)(scope, receive, send)
  File "D:\candidate-ai\candidate-api\venv\Lib\site-packages\starlette\_exception_handler.py", line 53, in wrapped_app
    raise exc
  File "D:\candidate-ai\candidate-api\venv\Lib\site-packages\starlette\_exception_handler.py", line 42, in wrapped_app
    await app(scope, receive, sender)
  File "D:\candidate-ai\candidate-api\venv\Lib\site-packages\fastapi\routing.py", line 109, in app
    response = await f(request)
               ^^^^^^^^^^^^^^^^
  File "D:\candidate-ai\candidate-api\venv\Lib\site-packages\fastapi\routing.py", line 387, in app
    raw_response = await run_endpoint_function(
                   ^^^^^^^^^^^^^^^^^^^^^^^^^^^^
    ...<3 lines>...
    )
    ^
  File "D:\candidate-ai\candidate-api\venv\Lib\site-packages\fastapi\routing.py", line 290, in run_endpoint_function
    return await run_in_threadpool(dependant.call, **values)
           ^^^^^^^^^^^^^^^^^^^^^^^^^^^^^^^^^^^^^^^^^^^^^^^^^
  File "D:\candidate-ai\candidate-api\venv\Lib\site-packages\starlette\concurrency.py", line 38, in run_in_threadpool
    return await anyio.to_thread.run_sync(func)
           ^^^^^^^^^^^^^^^^^^^^^^^^^^^^^^^^^^^^
  File "D:\candidate-ai\candidate-api\venv\Lib\site-packages\anyio\to_thread.py", line 56, in run_sync
    return await get_async_backend().run_sync_in_worker_thread(
           ^^^^^^^^^^^^^^^^^^^^^^^^^^^^^^^^^^^^^^^^^^^^^^^^^^^^
        func, args, abandon_on_cancel=abandon_on_cancel, limiter=limiter
        ^^^^^^^^^^^^^^^^^^^^^^^^^^^^^^^^^^^^^^^^^^^^^^^^^^^^^^^^^^^^^^^^
    )
    ^
  File "D:\candidate-ai\candidate-api\venv\Lib\site-packages\anyio\_backends\_asyncio.py", line 2485, in run_sync_in_worker_thread
    return await future
           ^^^^^^^^^^^^
  File "D:\candidate-ai\candidate-api\venv\Lib\site-packages\anyio\_backends\_asyncio.py", line 976, in run
    result = context.run(func, *args)
  File "D:\my document\recruitment-application\api-application\app\routers\chat_router.py", line 76, in get_my_conversations
    current_user = db.query(User).filter(User.pk_id == current_user_id).first()
  File "D:\candidate-ai\candidate-api\venv\Lib\site-packages\sqlalchemy\orm\query.py", line 2759, in first
    return self.limit(1)._iter().first()  # type: ignore
           ~~~~~~~~~~~~~~~~~~~^^
  File "D:\candidate-ai\candidate-api\venv\Lib\site-packages\sqlalchemy\orm\query.py", line 2857, in _iter
    result: Union[ScalarResult[_T], Result[_T]] = self.session.execute(
                                                  ~~~~~~~~~~~~~~~~~~~~^
        statement,
        ^^^^^^^^^^
        params,
        ^^^^^^^
        execution_options={"_sa_orm_load_options": self.load_options},
        ^^^^^^^^^^^^^^^^^^^^^^^^^^^^^^^^^^^^^^^^^^^^^^^^^^^^^^^^^^^^^^
    )
    ^
  File "D:\candidate-ai\candidate-api\venv\Lib\site-packages\sqlalchemy\orm\session.py", line 2365, in execute
    return self._execute_internal(
           ~~~~~~~~~~~~~~~~~~~~~~^
        statement,
        ^^^^^^^^^^
    ...<4 lines>...
        _add_event=_add_event,
        ^^^^^^^^^^^^^^^^^^^^^^
    )
    ^
  File "D:\candidate-ai\candidate-api\venv\Lib\site-packages\sqlalchemy\orm\session.py", line 2251, in _execute_internal
    result: Result[Any] = compile_state_cls.orm_execute_statement(
                          ~~~~~~~~~~~~~~~~~~~~~~~~~~~~~~~~~~~~~~~^
        self,
        ^^^^^
    ...<4 lines>...
        conn,
        ^^^^^
    )
    ^
  File "D:\candidate-ai\candidate-api\venv\Lib\site-packages\sqlalchemy\orm\context.py", line 306, in orm_execute_statement
    result = conn.execute(
        statement, params or {}, execution_options=execution_options
    )
  File "D:\candidate-ai\candidate-api\venv\Lib\site-packages\sqlalchemy\engine\base.py", line 1419, in execute
    return meth(
        self,
        distilled_parameters,
        execution_options or NO_OPTIONS,
    )
  File "D:\candidate-ai\candidate-api\venv\Lib\site-packages\sqlalchemy\sql\elements.py", line 526, in _execute_on_connection
    return connection._execute_clauseelement(
           ~~~~~~~~~~~~~~~~~~~~~~~~~~~~~~~~~^
        self, distilled_params, execution_options
        ^^^^^^^^^^^^^^^^^^^^^^^^^^^^^^^^^^^^^^^^^
    )
    ^
  File "D:\candidate-ai\candidate-api\venv\Lib\site-packages\sqlalchemy\engine\base.py", line 1641, in _execute_clauseelement
    ret = self._execute_context(
        dialect,
    ...<8 lines>...
        cache_hit=cache_hit,
    )
  File "D:\candidate-ai\candidate-api\venv\Lib\site-packages\sqlalchemy\engine\base.py", line 1846, in _execute_context
    return self._exec_single_context(
           ~~~~~~~~~~~~~~~~~~~~~~~~~^
        dialect, context, statement, parameters
        ^^^^^^^^^^^^^^^^^^^^^^^^^^^^^^^^^^^^^^^
    )
    ^
  File "D:\candidate-ai\candidate-api\venv\Lib\site-packages\sqlalchemy\engine\base.py", line 1986, in _exec_single_context
    self._handle_dbapi_exception(
    ~~~~~~~~~~~~~~~~~~~~~~~~~~~~^
        e, str_statement, effective_parameters, cursor, context
        ^^^^^^^^^^^^^^^^^^^^^^^^^^^^^^^^^^^^^^^^^^^^^^^^^^^^^^^
    )
    ^
  File "D:\candidate-ai\candidate-api\venv\Lib\site-packages\sqlalchemy\engine\base.py", line 2355, in _handle_dbapi_exception
    raise sqlalchemy_exception.with_traceback(exc_info[2]) from e
  File "D:\candidate-ai\candidate-api\venv\Lib\site-packages\sqlalchemy\engine\base.py", line 1967, in _exec_single_context
    self.dialect.do_execute(
    ~~~~~~~~~~~~~~~~~~~~~~~^
        cursor, str_statement, effective_parameters, context
        ^^^^^^^^^^^^^^^^^^^^^^^^^^^^^^^^^^^^^^^^^^^^^^^^^^^^
    )
    ^
  File "D:\candidate-ai\candidate-api\venv\Lib\site-packages\sqlalchemy\engine\default.py", line 951, in do_execute
    cursor.execute(statement, parameters)
    ~~~~~~~~~~~~~~^^^^^^^^^^^^^^^^^^^^^^^
sqlalchemy.exc.ProgrammingError: (psycopg2.errors.UndefinedColumn) column t_user.bio does not exist
LINE 1: ..., t_user.wrong_password AS t_user_wrong_password, t_user.bio...
                                                             ^

[SQL: SELECT t_user.pk_id AS t_user_pk_id, t_user.user_name AS t_user_user_name, t_user.email AS t_user_email, t_user.password AS t_user_password, t_user.user_type AS t_user_user_type, t_user.gender AS t_user_gender, t_user.phone AS t_user_phone, t_user.date_of_birth AS t_user_date_of_birth, t_user.address AS t_user_address, t_user.wrong_password AS t_user_wrong_password, t_user.bio AS t_user_bio, t_user.profile_image AS t_user_profile_image, t_user.created_date AS t_user_created_date, t_user.is_active AS t_user_is_active, t_user.approved AS t_user_approved, t_user.updated_date AS t_user_updated_date 
FROM t_user 
WHERE t_user.pk_id = %(pk_id_1)s 
 LIMIT %(param_1)s]
[parameters: {'pk_id_1': 1, 'param_1': 1}]
(Background on this error at: https://sqlalche.me/e/20/f405)

===================================================
        
2026-02-27 15:18:13,483 | ERROR | 
================= UNHANDLED ERROR =================
URL: http://localhost:8000/chat/?limit=20&offset=0
Method: GET
Client: 127.0.0.1
Error: (psycopg2.errors.UndefinedColumn) column t_user.bio does not exist
LINE 1: ..., t_user.wrong_password AS t_user_wrong_password, t_user.bio...
                                                             ^

[SQL: SELECT t_user.pk_id AS t_user_pk_id, t_user.user_name AS t_user_user_name, t_user.email AS t_user_email, t_user.password AS t_user_password, t_user.user_type AS t_user_user_type, t_user.gender AS t_user_gender, t_user.phone AS t_user_phone, t_user.date_of_birth AS t_user_date_of_birth, t_user.address AS t_user_address, t_user.wrong_password AS t_user_wrong_password, t_user.bio AS t_user_bio, t_user.profile_image AS t_user_profile_image, t_user.created_date AS t_user_created_date, t_user.is_active AS t_user_is_active, t_user.approved AS t_user_approved, t_user.updated_date AS t_user_updated_date 
FROM t_user 
WHERE t_user.pk_id = %(pk_id_1)s 
 LIMIT %(param_1)s]
[parameters: {'pk_id_1': 1, 'param_1': 1}]
(Background on this error at: https://sqlalche.me/e/20/f405)
Traceback:
Traceback (most recent call last):
  File "D:\candidate-ai\candidate-api\venv\Lib\site-packages\sqlalchemy\engine\base.py", line 1967, in _exec_single_context
    self.dialect.do_execute(
    ~~~~~~~~~~~~~~~~~~~~~~~^
        cursor, str_statement, effective_parameters, context
        ^^^^^^^^^^^^^^^^^^^^^^^^^^^^^^^^^^^^^^^^^^^^^^^^^^^^
    )
    ^
  File "D:\candidate-ai\candidate-api\venv\Lib\site-packages\sqlalchemy\engine\default.py", line 951, in do_execute
    cursor.execute(statement, parameters)
    ~~~~~~~~~~~~~~^^^^^^^^^^^^^^^^^^^^^^^
psycopg2.errors.UndefinedColumn: column t_user.bio does not exist
LINE 1: ..., t_user.wrong_password AS t_user_wrong_password, t_user.bio...
                                                             ^


The above exception was the direct cause of the following exception:

Traceback (most recent call last):
  File "D:\candidate-ai\candidate-api\venv\Lib\site-packages\starlette\middleware\errors.py", line 164, in __call__
    await self.app(scope, receive, _send)
  File "D:\candidate-ai\candidate-api\venv\Lib\site-packages\starlette\middleware\cors.py", line 93, in __call__
    await self.simple_response(scope, receive, send, request_headers=headers)
  File "D:\candidate-ai\candidate-api\venv\Lib\site-packages\starlette\middleware\cors.py", line 144, in simple_response
    await self.app(scope, receive, send)
  File "D:\candidate-ai\candidate-api\venv\Lib\site-packages\starlette\middleware\exceptions.py", line 63, in __call__
    await wrap_app_handling_exceptions(self.app, conn)(scope, receive, send)
  File "D:\candidate-ai\candidate-api\venv\Lib\site-packages\starlette\_exception_handler.py", line 53, in wrapped_app
    raise exc
  File "D:\candidate-ai\candidate-api\venv\Lib\site-packages\starlette\_exception_handler.py", line 42, in wrapped_app
    await app(scope, receive, sender)
  File "D:\candidate-ai\candidate-api\venv\Lib\site-packages\fastapi\middleware\asyncexitstack.py", line 18, in __call__
    await self.app(scope, receive, send)
  File "D:\candidate-ai\candidate-api\venv\Lib\site-packages\starlette\routing.py", line 716, in __call__
    await self.middleware_stack(scope, receive, send)
  File "D:\candidate-ai\candidate-api\venv\Lib\site-packages\starlette\routing.py", line 736, in app
    await route.handle(scope, receive, send)
  File "D:\candidate-ai\candidate-api\venv\Lib\site-packages\starlette\routing.py", line 290, in handle
    await self.app(scope, receive, send)
  File "D:\candidate-ai\candidate-api\venv\Lib\site-packages\fastapi\routing.py", line 123, in app
    await wrap_app_handling_exceptions(app, request)(scope, receive, send)
  File "D:\candidate-ai\candidate-api\venv\Lib\site-packages\starlette\_exception_handler.py", line 53, in wrapped_app
    raise exc
  File "D:\candidate-ai\candidate-api\venv\Lib\site-packages\starlette\_exception_handler.py", line 42, in wrapped_app
    await app(scope, receive, sender)
  File "D:\candidate-ai\candidate-api\venv\Lib\site-packages\fastapi\routing.py", line 109, in app
    response = await f(request)
               ^^^^^^^^^^^^^^^^
  File "D:\candidate-ai\candidate-api\venv\Lib\site-packages\fastapi\routing.py", line 387, in app
    raw_response = await run_endpoint_function(
                   ^^^^^^^^^^^^^^^^^^^^^^^^^^^^
    ...<3 lines>...
    )
    ^
  File "D:\candidate-ai\candidate-api\venv\Lib\site-packages\fastapi\routing.py", line 290, in run_endpoint_function
    return await run_in_threadpool(dependant.call, **values)
           ^^^^^^^^^^^^^^^^^^^^^^^^^^^^^^^^^^^^^^^^^^^^^^^^^
  File "D:\candidate-ai\candidate-api\venv\Lib\site-packages\starlette\concurrency.py", line 38, in run_in_threadpool
    return await anyio.to_thread.run_sync(func)
           ^^^^^^^^^^^^^^^^^^^^^^^^^^^^^^^^^^^^
  File "D:\candidate-ai\candidate-api\venv\Lib\site-packages\anyio\to_thread.py", line 56, in run_sync
    return await get_async_backend().run_sync_in_worker_thread(
           ^^^^^^^^^^^^^^^^^^^^^^^^^^^^^^^^^^^^^^^^^^^^^^^^^^^^
        func, args, abandon_on_cancel=abandon_on_cancel, limiter=limiter
        ^^^^^^^^^^^^^^^^^^^^^^^^^^^^^^^^^^^^^^^^^^^^^^^^^^^^^^^^^^^^^^^^
    )
    ^
  File "D:\candidate-ai\candidate-api\venv\Lib\site-packages\anyio\_backends\_asyncio.py", line 2485, in run_sync_in_worker_thread
    return await future
           ^^^^^^^^^^^^
  File "D:\candidate-ai\candidate-api\venv\Lib\site-packages\anyio\_backends\_asyncio.py", line 976, in run
    result = context.run(func, *args)
  File "D:\my document\recruitment-application\api-application\app\routers\chat_router.py", line 76, in get_my_conversations
    current_user = db.query(User).filter(User.pk_id == current_user_id).first()
  File "D:\candidate-ai\candidate-api\venv\Lib\site-packages\sqlalchemy\orm\query.py", line 2759, in first
    return self.limit(1)._iter().first()  # type: ignore
           ~~~~~~~~~~~~~~~~~~~^^
  File "D:\candidate-ai\candidate-api\venv\Lib\site-packages\sqlalchemy\orm\query.py", line 2857, in _iter
    result: Union[ScalarResult[_T], Result[_T]] = self.session.execute(
                                                  ~~~~~~~~~~~~~~~~~~~~^
        statement,
        ^^^^^^^^^^
        params,
        ^^^^^^^
        execution_options={"_sa_orm_load_options": self.load_options},
        ^^^^^^^^^^^^^^^^^^^^^^^^^^^^^^^^^^^^^^^^^^^^^^^^^^^^^^^^^^^^^^
    )
    ^
  File "D:\candidate-ai\candidate-api\venv\Lib\site-packages\sqlalchemy\orm\session.py", line 2365, in execute
    return self._execute_internal(
           ~~~~~~~~~~~~~~~~~~~~~~^
        statement,
        ^^^^^^^^^^
    ...<4 lines>...
        _add_event=_add_event,
        ^^^^^^^^^^^^^^^^^^^^^^
    )
    ^
  File "D:\candidate-ai\candidate-api\venv\Lib\site-packages\sqlalchemy\orm\session.py", line 2251, in _execute_internal
    result: Result[Any] = compile_state_cls.orm_execute_statement(
                          ~~~~~~~~~~~~~~~~~~~~~~~~~~~~~~~~~~~~~~~^
        self,
        ^^^^^
    ...<4 lines>...
        conn,
        ^^^^^
    )
    ^
  File "D:\candidate-ai\candidate-api\venv\Lib\site-packages\sqlalchemy\orm\context.py", line 306, in orm_execute_statement
    result = conn.execute(
        statement, params or {}, execution_options=execution_options
    )
  File "D:\candidate-ai\candidate-api\venv\Lib\site-packages\sqlalchemy\engine\base.py", line 1419, in execute
    return meth(
        self,
        distilled_parameters,
        execution_options or NO_OPTIONS,
    )
  File "D:\candidate-ai\candidate-api\venv\Lib\site-packages\sqlalchemy\sql\elements.py", line 526, in _execute_on_connection
    return connection._execute_clauseelement(
           ~~~~~~~~~~~~~~~~~~~~~~~~~~~~~~~~~^
        self, distilled_params, execution_options
        ^^^^^^^^^^^^^^^^^^^^^^^^^^^^^^^^^^^^^^^^^
    )
    ^
  File "D:\candidate-ai\candidate-api\venv\Lib\site-packages\sqlalchemy\engine\base.py", line 1641, in _execute_clauseelement
    ret = self._execute_context(
        dialect,
    ...<8 lines>...
        cache_hit=cache_hit,
    )
  File "D:\candidate-ai\candidate-api\venv\Lib\site-packages\sqlalchemy\engine\base.py", line 1846, in _execute_context
    return self._exec_single_context(
           ~~~~~~~~~~~~~~~~~~~~~~~~~^
        dialect, context, statement, parameters
        ^^^^^^^^^^^^^^^^^^^^^^^^^^^^^^^^^^^^^^^
    )
    ^
  File "D:\candidate-ai\candidate-api\venv\Lib\site-packages\sqlalchemy\engine\base.py", line 1986, in _exec_single_context
    self._handle_dbapi_exception(
    ~~~~~~~~~~~~~~~~~~~~~~~~~~~~^
        e, str_statement, effective_parameters, cursor, context
        ^^^^^^^^^^^^^^^^^^^^^^^^^^^^^^^^^^^^^^^^^^^^^^^^^^^^^^^
    )
    ^
  File "D:\candidate-ai\candidate-api\venv\Lib\site-packages\sqlalchemy\engine\base.py", line 2355, in _handle_dbapi_exception
    raise sqlalchemy_exception.with_traceback(exc_info[2]) from e
  File "D:\candidate-ai\candidate-api\venv\Lib\site-packages\sqlalchemy\engine\base.py", line 1967, in _exec_single_context
    self.dialect.do_execute(
    ~~~~~~~~~~~~~~~~~~~~~~~^
        cursor, str_statement, effective_parameters, context
        ^^^^^^^^^^^^^^^^^^^^^^^^^^^^^^^^^^^^^^^^^^^^^^^^^^^^
    )
    ^
  File "D:\candidate-ai\candidate-api\venv\Lib\site-packages\sqlalchemy\engine\default.py", line 951, in do_execute
    cursor.execute(statement, parameters)
    ~~~~~~~~~~~~~~^^^^^^^^^^^^^^^^^^^^^^^
sqlalchemy.exc.ProgrammingError: (psycopg2.errors.UndefinedColumn) column t_user.bio does not exist
LINE 1: ..., t_user.wrong_password AS t_user_wrong_password, t_user.bio...
                                                             ^

[SQL: SELECT t_user.pk_id AS t_user_pk_id, t_user.user_name AS t_user_user_name, t_user.email AS t_user_email, t_user.password AS t_user_password, t_user.user_type AS t_user_user_type, t_user.gender AS t_user_gender, t_user.phone AS t_user_phone, t_user.date_of_birth AS t_user_date_of_birth, t_user.address AS t_user_address, t_user.wrong_password AS t_user_wrong_password, t_user.bio AS t_user_bio, t_user.profile_image AS t_user_profile_image, t_user.created_date AS t_user_created_date, t_user.is_active AS t_user_is_active, t_user.approved AS t_user_approved, t_user.updated_date AS t_user_updated_date 
FROM t_user 
WHERE t_user.pk_id = %(pk_id_1)s 
 LIMIT %(param_1)s]
[parameters: {'pk_id_1': 1, 'param_1': 1}]
(Background on this error at: https://sqlalche.me/e/20/f405)

===================================================
        
2026-02-27 15:18:15,169 | ERROR | 
================= UNHANDLED ERROR =================
URL: http://localhost:8000/chat/find-users?q=ca
Method: GET
Client: 127.0.0.1
Error: (psycopg2.errors.UndefinedColumn) column t_user.bio does not exist
LINE 1: ..., t_user.wrong_password AS t_user_wrong_password, t_user.bio...
                                                             ^

[SQL: SELECT t_user.pk_id AS t_user_pk_id, t_user.user_name AS t_user_user_name, t_user.email AS t_user_email, t_user.password AS t_user_password, t_user.user_type AS t_user_user_type, t_user.gender AS t_user_gender, t_user.phone AS t_user_phone, t_user.date_of_birth AS t_user_date_of_birth, t_user.address AS t_user_address, t_user.wrong_password AS t_user_wrong_password, t_user.bio AS t_user_bio, t_user.profile_image AS t_user_profile_image, t_user.created_date AS t_user_created_date, t_user.is_active AS t_user_is_active, t_user.approved AS t_user_approved, t_user.updated_date AS t_user_updated_date 
FROM t_user 
WHERE t_user.pk_id = %(pk_id_1)s 
 LIMIT %(param_1)s]
[parameters: {'pk_id_1': 1, 'param_1': 1}]
(Background on this error at: https://sqlalche.me/e/20/f405)
Traceback:
Traceback (most recent call last):
  File "D:\candidate-ai\candidate-api\venv\Lib\site-packages\sqlalchemy\engine\base.py", line 1967, in _exec_single_context
    self.dialect.do_execute(
    ~~~~~~~~~~~~~~~~~~~~~~~^
        cursor, str_statement, effective_parameters, context
        ^^^^^^^^^^^^^^^^^^^^^^^^^^^^^^^^^^^^^^^^^^^^^^^^^^^^
    )
    ^
  File "D:\candidate-ai\candidate-api\venv\Lib\site-packages\sqlalchemy\engine\default.py", line 951, in do_execute
    cursor.execute(statement, parameters)
    ~~~~~~~~~~~~~~^^^^^^^^^^^^^^^^^^^^^^^
psycopg2.errors.UndefinedColumn: column t_user.bio does not exist
LINE 1: ..., t_user.wrong_password AS t_user_wrong_password, t_user.bio...
                                                             ^


The above exception was the direct cause of the following exception:

Traceback (most recent call last):
  File "D:\candidate-ai\candidate-api\venv\Lib\site-packages\starlette\middleware\errors.py", line 164, in __call__
    await self.app(scope, receive, _send)
  File "D:\candidate-ai\candidate-api\venv\Lib\site-packages\starlette\middleware\cors.py", line 93, in __call__
    await self.simple_response(scope, receive, send, request_headers=headers)
  File "D:\candidate-ai\candidate-api\venv\Lib\site-packages\starlette\middleware\cors.py", line 144, in simple_response
    await self.app(scope, receive, send)
  File "D:\candidate-ai\candidate-api\venv\Lib\site-packages\starlette\middleware\exceptions.py", line 63, in __call__
    await wrap_app_handling_exceptions(self.app, conn)(scope, receive, send)
  File "D:\candidate-ai\candidate-api\venv\Lib\site-packages\starlette\_exception_handler.py", line 53, in wrapped_app
    raise exc
  File "D:\candidate-ai\candidate-api\venv\Lib\site-packages\starlette\_exception_handler.py", line 42, in wrapped_app
    await app(scope, receive, sender)
  File "D:\candidate-ai\candidate-api\venv\Lib\site-packages\fastapi\middleware\asyncexitstack.py", line 18, in __call__
    await self.app(scope, receive, send)
  File "D:\candidate-ai\candidate-api\venv\Lib\site-packages\starlette\routing.py", line 716, in __call__
    await self.middleware_stack(scope, receive, send)
  File "D:\candidate-ai\candidate-api\venv\Lib\site-packages\starlette\routing.py", line 736, in app
    await route.handle(scope, receive, send)
  File "D:\candidate-ai\candidate-api\venv\Lib\site-packages\starlette\routing.py", line 290, in handle
    await self.app(scope, receive, send)
  File "D:\candidate-ai\candidate-api\venv\Lib\site-packages\fastapi\routing.py", line 123, in app
    await wrap_app_handling_exceptions(app, request)(scope, receive, send)
  File "D:\candidate-ai\candidate-api\venv\Lib\site-packages\starlette\_exception_handler.py", line 53, in wrapped_app
    raise exc
  File "D:\candidate-ai\candidate-api\venv\Lib\site-packages\starlette\_exception_handler.py", line 42, in wrapped_app
    await app(scope, receive, sender)
  File "D:\candidate-ai\candidate-api\venv\Lib\site-packages\fastapi\routing.py", line 109, in app
    response = await f(request)
               ^^^^^^^^^^^^^^^^
  File "D:\candidate-ai\candidate-api\venv\Lib\site-packages\fastapi\routing.py", line 387, in app
    raw_response = await run_endpoint_function(
                   ^^^^^^^^^^^^^^^^^^^^^^^^^^^^
    ...<3 lines>...
    )
    ^
  File "D:\candidate-ai\candidate-api\venv\Lib\site-packages\fastapi\routing.py", line 290, in run_endpoint_function
    return await run_in_threadpool(dependant.call, **values)
           ^^^^^^^^^^^^^^^^^^^^^^^^^^^^^^^^^^^^^^^^^^^^^^^^^
  File "D:\candidate-ai\candidate-api\venv\Lib\site-packages\starlette\concurrency.py", line 38, in run_in_threadpool
    return await anyio.to_thread.run_sync(func)
           ^^^^^^^^^^^^^^^^^^^^^^^^^^^^^^^^^^^^
  File "D:\candidate-ai\candidate-api\venv\Lib\site-packages\anyio\to_thread.py", line 56, in run_sync
    return await get_async_backend().run_sync_in_worker_thread(
           ^^^^^^^^^^^^^^^^^^^^^^^^^^^^^^^^^^^^^^^^^^^^^^^^^^^^
        func, args, abandon_on_cancel=abandon_on_cancel, limiter=limiter
        ^^^^^^^^^^^^^^^^^^^^^^^^^^^^^^^^^^^^^^^^^^^^^^^^^^^^^^^^^^^^^^^^
    )
    ^
  File "D:\candidate-ai\candidate-api\venv\Lib\site-packages\anyio\_backends\_asyncio.py", line 2485, in run_sync_in_worker_thread
    return await future
           ^^^^^^^^^^^^
  File "D:\candidate-ai\candidate-api\venv\Lib\site-packages\anyio\_backends\_asyncio.py", line 976, in run
    result = context.run(func, *args)
  File "D:\my document\recruitment-application\api-application\app\routers\chat_router.py", line 51, in search_users
    .first()
     ~~~~~^^
  File "D:\candidate-ai\candidate-api\venv\Lib\site-packages\sqlalchemy\orm\query.py", line 2759, in first
    return self.limit(1)._iter().first()  # type: ignore
           ~~~~~~~~~~~~~~~~~~~^^
  File "D:\candidate-ai\candidate-api\venv\Lib\site-packages\sqlalchemy\orm\query.py", line 2857, in _iter
    result: Union[ScalarResult[_T], Result[_T]] = self.session.execute(
                                                  ~~~~~~~~~~~~~~~~~~~~^
        statement,
        ^^^^^^^^^^
        params,
        ^^^^^^^
        execution_options={"_sa_orm_load_options": self.load_options},
        ^^^^^^^^^^^^^^^^^^^^^^^^^^^^^^^^^^^^^^^^^^^^^^^^^^^^^^^^^^^^^^
    )
    ^
  File "D:\candidate-ai\candidate-api\venv\Lib\site-packages\sqlalchemy\orm\session.py", line 2365, in execute
    return self._execute_internal(
           ~~~~~~~~~~~~~~~~~~~~~~^
        statement,
        ^^^^^^^^^^
    ...<4 lines>...
        _add_event=_add_event,
        ^^^^^^^^^^^^^^^^^^^^^^
    )
    ^
  File "D:\candidate-ai\candidate-api\venv\Lib\site-packages\sqlalchemy\orm\session.py", line 2251, in _execute_internal
    result: Result[Any] = compile_state_cls.orm_execute_statement(
                          ~~~~~~~~~~~~~~~~~~~~~~~~~~~~~~~~~~~~~~~^
        self,
        ^^^^^
    ...<4 lines>...
        conn,
        ^^^^^
    )
    ^
  File "D:\candidate-ai\candidate-api\venv\Lib\site-packages\sqlalchemy\orm\context.py", line 306, in orm_execute_statement
    result = conn.execute(
        statement, params or {}, execution_options=execution_options
    )
  File "D:\candidate-ai\candidate-api\venv\Lib\site-packages\sqlalchemy\engine\base.py", line 1419, in execute
    return meth(
        self,
        distilled_parameters,
        execution_options or NO_OPTIONS,
    )
  File "D:\candidate-ai\candidate-api\venv\Lib\site-packages\sqlalchemy\sql\elements.py", line 526, in _execute_on_connection
    return connection._execute_clauseelement(
           ~~~~~~~~~~~~~~~~~~~~~~~~~~~~~~~~~^
        self, distilled_params, execution_options
        ^^^^^^^^^^^^^^^^^^^^^^^^^^^^^^^^^^^^^^^^^
    )
    ^
  File "D:\candidate-ai\candidate-api\venv\Lib\site-packages\sqlalchemy\engine\base.py", line 1641, in _execute_clauseelement
    ret = self._execute_context(
        dialect,
    ...<8 lines>...
        cache_hit=cache_hit,
    )
  File "D:\candidate-ai\candidate-api\venv\Lib\site-packages\sqlalchemy\engine\base.py", line 1846, in _execute_context
    return self._exec_single_context(
           ~~~~~~~~~~~~~~~~~~~~~~~~~^
        dialect, context, statement, parameters
        ^^^^^^^^^^^^^^^^^^^^^^^^^^^^^^^^^^^^^^^
    )
    ^
  File "D:\candidate-ai\candidate-api\venv\Lib\site-packages\sqlalchemy\engine\base.py", line 1986, in _exec_single_context
    self._handle_dbapi_exception(
    ~~~~~~~~~~~~~~~~~~~~~~~~~~~~^
        e, str_statement, effective_parameters, cursor, context
        ^^^^^^^^^^^^^^^^^^^^^^^^^^^^^^^^^^^^^^^^^^^^^^^^^^^^^^^
    )
    ^
  File "D:\candidate-ai\candidate-api\venv\Lib\site-packages\sqlalchemy\engine\base.py", line 2355, in _handle_dbapi_exception
    raise sqlalchemy_exception.with_traceback(exc_info[2]) from e
  File "D:\candidate-ai\candidate-api\venv\Lib\site-packages\sqlalchemy\engine\base.py", line 1967, in _exec_single_context
    self.dialect.do_execute(
    ~~~~~~~~~~~~~~~~~~~~~~~^
        cursor, str_statement, effective_parameters, context
        ^^^^^^^^^^^^^^^^^^^^^^^^^^^^^^^^^^^^^^^^^^^^^^^^^^^^
    )
    ^
  File "D:\candidate-ai\candidate-api\venv\Lib\site-packages\sqlalchemy\engine\default.py", line 951, in do_execute
    cursor.execute(statement, parameters)
    ~~~~~~~~~~~~~~^^^^^^^^^^^^^^^^^^^^^^^
sqlalchemy.exc.ProgrammingError: (psycopg2.errors.UndefinedColumn) column t_user.bio does not exist
LINE 1: ..., t_user.wrong_password AS t_user_wrong_password, t_user.bio...
                                                             ^

[SQL: SELECT t_user.pk_id AS t_user_pk_id, t_user.user_name AS t_user_user_name, t_user.email AS t_user_email, t_user.password AS t_user_password, t_user.user_type AS t_user_user_type, t_user.gender AS t_user_gender, t_user.phone AS t_user_phone, t_user.date_of_birth AS t_user_date_of_birth, t_user.address AS t_user_address, t_user.wrong_password AS t_user_wrong_password, t_user.bio AS t_user_bio, t_user.profile_image AS t_user_profile_image, t_user.created_date AS t_user_created_date, t_user.is_active AS t_user_is_active, t_user.approved AS t_user_approved, t_user.updated_date AS t_user_updated_date 
FROM t_user 
WHERE t_user.pk_id = %(pk_id_1)s 
 LIMIT %(param_1)s]
[parameters: {'pk_id_1': 1, 'param_1': 1}]
(Background on this error at: https://sqlalche.me/e/20/f405)

===================================================
        
2026-02-27 16:09:27,105 | ERROR | 
================= HTTP ERROR =================
URL: http://localhost:8000/user/login
Method: POST
Client: 127.0.0.1
Status Code: 400
Detail: Invalid password
==============================================
        
2026-03-02 11:14:15,641 | ERROR | 
================= HTTP ERROR =================
URL: http://localhost:8000/user/delete-profile
Method: DELETE
Client: 127.0.0.1
Status Code: 400
Detail: No profile image to delete
==============================================
        
2026-03-02 11:14:15,825 | ERROR | 
================= HTTP ERROR =================
URL: http://localhost:8000/user/delete-profile
Method: DELETE
Client: 127.0.0.1
Status Code: 400
Detail: No profile image to delete
==============================================
        
2026-03-02 11:14:15,985 | ERROR | 
================= HTTP ERROR =================
URL: http://localhost:8000/user/delete-profile
Method: DELETE
Client: 127.0.0.1
Status Code: 400
Detail: No profile image to delete
==============================================
        
2026-03-02 11:14:16,120 | ERROR | 
================= HTTP ERROR =================
URL: http://localhost:8000/user/delete-profile
Method: DELETE
Client: 127.0.0.1
Status Code: 400
Detail: No profile image to delete
==============================================
        
2026-03-02 11:14:16,271 | ERROR | 
================= HTTP ERROR =================
URL: http://localhost:8000/user/delete-profile
Method: DELETE
Client: 127.0.0.1
Status Code: 400
Detail: No profile image to delete
==============================================
        
2026-03-02 13:58:12,627 | ERROR | 
================= HTTP ERROR =================
URL: http://localhost:8000/user/delete-profile
Method: DELETE
Client: 127.0.0.1
Status Code: 400
Detail: No profile image to delete
==============================================
        
2026-03-02 13:58:12,901 | ERROR | 
================= HTTP ERROR =================
URL: http://localhost:8000/user/delete-profile
Method: DELETE
Client: 127.0.0.1
Status Code: 400
Detail: No profile image to delete
==============================================
        
2026-03-02 13:58:13,023 | ERROR | 
================= HTTP ERROR =================
URL: http://localhost:8000/user/delete-profile
Method: DELETE
Client: 127.0.0.1
Status Code: 400
Detail: No profile image to delete
==============================================
        
2026-03-02 13:58:13,153 | ERROR | 
================= HTTP ERROR =================
URL: http://localhost:8000/user/delete-profile
Method: DELETE
Client: 127.0.0.1
Status Code: 400
Detail: No profile image to delete
==============================================
        
2026-03-02 14:26:10,487 | ERROR | 
================= UNHANDLED ERROR =================
URL: http://localhost:8000/user/profile
Method: GET
Client: 127.0.0.1
Error: 7 validation errors:
  {'type': 'missing', 'loc': ('response', 'company_name'), 'msg': 'Field required', 'input': <app.models.user_model.User object at 0x0000014E343E1370>}
  {'type': 'missing', 'loc': ('response', 'company_email'), 'msg': 'Field required', 'input': <app.models.user_model.User object at 0x0000014E343E1370>}
  {'type': 'missing', 'loc': ('response', 'company_contact'), 'msg': 'Field required', 'input': <app.models.user_model.User object at 0x0000014E343E1370>}
  {'type': 'missing', 'loc': ('response', 'company_address'), 'msg': 'Field required', 'input': <app.models.user_model.User object at 0x0000014E343E1370>}
  {'type': 'missing', 'loc': ('response', 'company_description'), 'msg': 'Field required', 'input': <app.models.user_model.User object at 0x0000014E343E1370>}
  {'type': 'missing', 'loc': ('response', 'company_website'), 'msg': 'Field required', 'input': <app.models.user_model.User object at 0x0000014E343E1370>}
  {'type': 'missing', 'loc': ('response', 'company_logo'), 'msg': 'Field required', 'input': <app.models.user_model.User object at 0x0000014E343E1370>}

Traceback:
Traceback (most recent call last):
  File "C:\Users\ASUS\AppData\Local\Packages\PythonSoftwareFoundation.Python.3.13_qbz5n2kfra8p0\LocalCache\local-packages\Python313\site-packages\starlette\middleware\errors.py", line 164, in __call__
    await self.app(scope, receive, _send)
  File "C:\Users\ASUS\AppData\Local\Packages\PythonSoftwareFoundation.Python.3.13_qbz5n2kfra8p0\LocalCache\local-packages\Python313\site-packages\starlette\middleware\cors.py", line 93, in __call__
    await self.simple_response(scope, receive, send, request_headers=headers)
  File "C:\Users\ASUS\AppData\Local\Packages\PythonSoftwareFoundation.Python.3.13_qbz5n2kfra8p0\LocalCache\local-packages\Python313\site-packages\starlette\middleware\cors.py", line 144, in simple_response
    await self.app(scope, receive, send)
  File "C:\Users\ASUS\AppData\Local\Packages\PythonSoftwareFoundation.Python.3.13_qbz5n2kfra8p0\LocalCache\local-packages\Python313\site-packages\starlette\middleware\exceptions.py", line 63, in __call__
    await wrap_app_handling_exceptions(self.app, conn)(scope, receive, send)
  File "C:\Users\ASUS\AppData\Local\Packages\PythonSoftwareFoundation.Python.3.13_qbz5n2kfra8p0\LocalCache\local-packages\Python313\site-packages\starlette\_exception_handler.py", line 53, in wrapped_app
    raise exc
  File "C:\Users\ASUS\AppData\Local\Packages\PythonSoftwareFoundation.Python.3.13_qbz5n2kfra8p0\LocalCache\local-packages\Python313\site-packages\starlette\_exception_handler.py", line 42, in wrapped_app
    await app(scope, receive, sender)
  File "C:\Users\ASUS\AppData\Local\Packages\PythonSoftwareFoundation.Python.3.13_qbz5n2kfra8p0\LocalCache\local-packages\Python313\site-packages\fastapi\middleware\asyncexitstack.py", line 18, in __call__
    await self.app(scope, receive, send)
  File "C:\Users\ASUS\AppData\Local\Packages\PythonSoftwareFoundation.Python.3.13_qbz5n2kfra8p0\LocalCache\local-packages\Python313\site-packages\starlette\routing.py", line 716, in __call__
    await self.middleware_stack(scope, receive, send)
  File "C:\Users\ASUS\AppData\Local\Packages\PythonSoftwareFoundation.Python.3.13_qbz5n2kfra8p0\LocalCache\local-packages\Python313\site-packages\starlette\routing.py", line 736, in app
    await route.handle(scope, receive, send)
  File "C:\Users\ASUS\AppData\Local\Packages\PythonSoftwareFoundation.Python.3.13_qbz5n2kfra8p0\LocalCache\local-packages\Python313\site-packages\starlette\routing.py", line 290, in handle
    await self.app(scope, receive, send)
  File "C:\Users\ASUS\AppData\Local\Packages\PythonSoftwareFoundation.Python.3.13_qbz5n2kfra8p0\LocalCache\local-packages\Python313\site-packages\fastapi\routing.py", line 123, in app
    await wrap_app_handling_exceptions(app, request)(scope, receive, send)
  File "C:\Users\ASUS\AppData\Local\Packages\PythonSoftwareFoundation.Python.3.13_qbz5n2kfra8p0\LocalCache\local-packages\Python313\site-packages\starlette\_exception_handler.py", line 53, in wrapped_app
    raise exc
  File "C:\Users\ASUS\AppData\Local\Packages\PythonSoftwareFoundation.Python.3.13_qbz5n2kfra8p0\LocalCache\local-packages\Python313\site-packages\starlette\_exception_handler.py", line 42, in wrapped_app
    await app(scope, receive, sender)
  File "C:\Users\ASUS\AppData\Local\Packages\PythonSoftwareFoundation.Python.3.13_qbz5n2kfra8p0\LocalCache\local-packages\Python313\site-packages\fastapi\routing.py", line 109, in app
    response = await f(request)
               ^^^^^^^^^^^^^^^^
  File "C:\Users\ASUS\AppData\Local\Packages\PythonSoftwareFoundation.Python.3.13_qbz5n2kfra8p0\LocalCache\local-packages\Python313\site-packages\fastapi\routing.py", line 411, in app
    content = await serialize_response(
              ^^^^^^^^^^^^^^^^^^^^^^^^^
    ...<9 lines>...
    )
    ^
  File "C:\Users\ASUS\AppData\Local\Packages\PythonSoftwareFoundation.Python.3.13_qbz5n2kfra8p0\LocalCache\local-packages\Python313\site-packages\fastapi\routing.py", line 252, in serialize_response
    raise ResponseValidationError(
        errors=_normalize_errors(errors), body=response_content
    )
fastapi.exceptions.ResponseValidationError: 7 validation errors:
  {'type': 'missing', 'loc': ('response', 'company_name'), 'msg': 'Field required', 'input': <app.models.user_model.User object at 0x0000014E343E1370>}
  {'type': 'missing', 'loc': ('response', 'company_email'), 'msg': 'Field required', 'input': <app.models.user_model.User object at 0x0000014E343E1370>}
  {'type': 'missing', 'loc': ('response', 'company_contact'), 'msg': 'Field required', 'input': <app.models.user_model.User object at 0x0000014E343E1370>}
  {'type': 'missing', 'loc': ('response', 'company_address'), 'msg': 'Field required', 'input': <app.models.user_model.User object at 0x0000014E343E1370>}
  {'type': 'missing', 'loc': ('response', 'company_description'), 'msg': 'Field required', 'input': <app.models.user_model.User object at 0x0000014E343E1370>}
  {'type': 'missing', 'loc': ('response', 'company_website'), 'msg': 'Field required', 'input': <app.models.user_model.User object at 0x0000014E343E1370>}
  {'type': 'missing', 'loc': ('response', 'company_logo'), 'msg': 'Field required', 'input': <app.models.user_model.User object at 0x0000014E343E1370>}


===================================================
        
2026-03-02 14:26:10,572 | ERROR | 
================= UNHANDLED ERROR =================
URL: http://localhost:8000/user/profile
Method: GET
Client: 127.0.0.1
Error: 7 validation errors:
  {'type': 'missing', 'loc': ('response', 'company_name'), 'msg': 'Field required', 'input': <app.models.user_model.User object at 0x0000014E343E1130>}
  {'type': 'missing', 'loc': ('response', 'company_email'), 'msg': 'Field required', 'input': <app.models.user_model.User object at 0x0000014E343E1130>}
  {'type': 'missing', 'loc': ('response', 'company_contact'), 'msg': 'Field required', 'input': <app.models.user_model.User object at 0x0000014E343E1130>}
  {'type': 'missing', 'loc': ('response', 'company_address'), 'msg': 'Field required', 'input': <app.models.user_model.User object at 0x0000014E343E1130>}
  {'type': 'missing', 'loc': ('response', 'company_description'), 'msg': 'Field required', 'input': <app.models.user_model.User object at 0x0000014E343E1130>}
  {'type': 'missing', 'loc': ('response', 'company_website'), 'msg': 'Field required', 'input': <app.models.user_model.User object at 0x0000014E343E1130>}
  {'type': 'missing', 'loc': ('response', 'company_logo'), 'msg': 'Field required', 'input': <app.models.user_model.User object at 0x0000014E343E1130>}

Traceback:
Traceback (most recent call last):
  File "C:\Users\ASUS\AppData\Local\Packages\PythonSoftwareFoundation.Python.3.13_qbz5n2kfra8p0\LocalCache\local-packages\Python313\site-packages\starlette\middleware\errors.py", line 164, in __call__
    await self.app(scope, receive, _send)
  File "C:\Users\ASUS\AppData\Local\Packages\PythonSoftwareFoundation.Python.3.13_qbz5n2kfra8p0\LocalCache\local-packages\Python313\site-packages\starlette\middleware\cors.py", line 93, in __call__
    await self.simple_response(scope, receive, send, request_headers=headers)
  File "C:\Users\ASUS\AppData\Local\Packages\PythonSoftwareFoundation.Python.3.13_qbz5n2kfra8p0\LocalCache\local-packages\Python313\site-packages\starlette\middleware\cors.py", line 144, in simple_response
    await self.app(scope, receive, send)
  File "C:\Users\ASUS\AppData\Local\Packages\PythonSoftwareFoundation.Python.3.13_qbz5n2kfra8p0\LocalCache\local-packages\Python313\site-packages\starlette\middleware\exceptions.py", line 63, in __call__
    await wrap_app_handling_exceptions(self.app, conn)(scope, receive, send)
  File "C:\Users\ASUS\AppData\Local\Packages\PythonSoftwareFoundation.Python.3.13_qbz5n2kfra8p0\LocalCache\local-packages\Python313\site-packages\starlette\_exception_handler.py", line 53, in wrapped_app
    raise exc
  File "C:\Users\ASUS\AppData\Local\Packages\PythonSoftwareFoundation.Python.3.13_qbz5n2kfra8p0\LocalCache\local-packages\Python313\site-packages\starlette\_exception_handler.py", line 42, in wrapped_app
    await app(scope, receive, sender)
  File "C:\Users\ASUS\AppData\Local\Packages\PythonSoftwareFoundation.Python.3.13_qbz5n2kfra8p0\LocalCache\local-packages\Python313\site-packages\fastapi\middleware\asyncexitstack.py", line 18, in __call__
    await self.app(scope, receive, send)
  File "C:\Users\ASUS\AppData\Local\Packages\PythonSoftwareFoundation.Python.3.13_qbz5n2kfra8p0\LocalCache\local-packages\Python313\site-packages\starlette\routing.py", line 716, in __call__
    await self.middleware_stack(scope, receive, send)
  File "C:\Users\ASUS\AppData\Local\Packages\PythonSoftwareFoundation.Python.3.13_qbz5n2kfra8p0\LocalCache\local-packages\Python313\site-packages\starlette\routing.py", line 736, in app
    await route.handle(scope, receive, send)
  File "C:\Users\ASUS\AppData\Local\Packages\PythonSoftwareFoundation.Python.3.13_qbz5n2kfra8p0\LocalCache\local-packages\Python313\site-packages\starlette\routing.py", line 290, in handle
    await self.app(scope, receive, send)
  File "C:\Users\ASUS\AppData\Local\Packages\PythonSoftwareFoundation.Python.3.13_qbz5n2kfra8p0\LocalCache\local-packages\Python313\site-packages\fastapi\routing.py", line 123, in app
    await wrap_app_handling_exceptions(app, request)(scope, receive, send)
  File "C:\Users\ASUS\AppData\Local\Packages\PythonSoftwareFoundation.Python.3.13_qbz5n2kfra8p0\LocalCache\local-packages\Python313\site-packages\starlette\_exception_handler.py", line 53, in wrapped_app
    raise exc
  File "C:\Users\ASUS\AppData\Local\Packages\PythonSoftwareFoundation.Python.3.13_qbz5n2kfra8p0\LocalCache\local-packages\Python313\site-packages\starlette\_exception_handler.py", line 42, in wrapped_app
    await app(scope, receive, sender)
  File "C:\Users\ASUS\AppData\Local\Packages\PythonSoftwareFoundation.Python.3.13_qbz5n2kfra8p0\LocalCache\local-packages\Python313\site-packages\fastapi\routing.py", line 109, in app
    response = await f(request)
               ^^^^^^^^^^^^^^^^
  File "C:\Users\ASUS\AppData\Local\Packages\PythonSoftwareFoundation.Python.3.13_qbz5n2kfra8p0\LocalCache\local-packages\Python313\site-packages\fastapi\routing.py", line 411, in app
    content = await serialize_response(
              ^^^^^^^^^^^^^^^^^^^^^^^^^
    ...<9 lines>...
    )
    ^
  File "C:\Users\ASUS\AppData\Local\Packages\PythonSoftwareFoundation.Python.3.13_qbz5n2kfra8p0\LocalCache\local-packages\Python313\site-packages\fastapi\routing.py", line 252, in serialize_response
    raise ResponseValidationError(
        errors=_normalize_errors(errors), body=response_content
    )
fastapi.exceptions.ResponseValidationError: 7 validation errors:
  {'type': 'missing', 'loc': ('response', 'company_name'), 'msg': 'Field required', 'input': <app.models.user_model.User object at 0x0000014E343E1130>}
  {'type': 'missing', 'loc': ('response', 'company_email'), 'msg': 'Field required', 'input': <app.models.user_model.User object at 0x0000014E343E1130>}
  {'type': 'missing', 'loc': ('response', 'company_contact'), 'msg': 'Field required', 'input': <app.models.user_model.User object at 0x0000014E343E1130>}
  {'type': 'missing', 'loc': ('response', 'company_address'), 'msg': 'Field required', 'input': <app.models.user_model.User object at 0x0000014E343E1130>}
  {'type': 'missing', 'loc': ('response', 'company_description'), 'msg': 'Field required', 'input': <app.models.user_model.User object at 0x0000014E343E1130>}
  {'type': 'missing', 'loc': ('response', 'company_website'), 'msg': 'Field required', 'input': <app.models.user_model.User object at 0x0000014E343E1130>}
  {'type': 'missing', 'loc': ('response', 'company_logo'), 'msg': 'Field required', 'input': <app.models.user_model.User object at 0x0000014E343E1130>}


===================================================
        
2026-03-02 14:46:11,442 | ERROR | 
================= HTTP ERROR =================
URL: http://localhost:8000/user
Method: GET
Client: 127.0.0.1
Status Code: 401
Detail: Authorization header missing
==============================================
        
2026-03-02 14:46:14,745 | ERROR | 
================= HTTP ERROR =================
URL: http://localhost:8000/user/profile
Method: GET
Client: 127.0.0.1
Status Code: 401
Detail: Authorization header missing
==============================================
        
2026-03-02 17:16:03,256 | ERROR | 
================= HTTP ERROR =================
URL: http://localhost:8000/applications/resumes/1/file
Method: GET
Client: 127.0.0.1
Status Code: 404
Detail: File candidate_2_20260217_163317.pdf not found on server
==============================================
        
